[demo.devitems.com/uniqlo/index.html]
[backblue.gif]
[fade.gif]
[index.html]
[demo.devitems.com/uniqlo/images/favicon.ico]
[demo.devitems.com/uniqlo/css/bootstrap.min.css]
[demo.devitems.com/uniqlo/css/owl.carousel.min.css]
[demo.devitems.com/uniqlo/css/core.css]
[demo.devitems.com/uniqlo/style.css]
[demo.devitems.com/uniqlo/css/responsive.css]
[demo.devitems.com/uniqlo/js/vendor/modernizr-2.8.3.min.js]
[demo.devitems.com/uniqlo/images/logo/uniqlo.png]
[demo.devitems.com/uniqlo/index-3.html]
[demo.devitems.com/uniqlo/index-2.html]
[demo.devitems.com/uniqlo/index-4.html]
[demo.devitems.com/uniqlo/index-6.html]
[demo.devitems.com/uniqlo/index-5.html]
[demo.devitems.com/uniqlo/index-8.html]
[demo.devitems.com/uniqlo/index-7.html]
[demo.devitems.com/uniqlo/about.html]
[demo.devitems.com/uniqlo/index-9.html]
[demo.devitems.com/uniqlo/index-10.html]
[demo.devitems.com/uniqlo/blog.html]
[demo.devitems.com/uniqlo/blog-details.html]
[demo.devitems.com/uniqlo/shop.html]
[demo.devitems.com/uniqlo/shop-sidebar.html]
[demo.devitems.com/uniqlo/cart.html]
[demo.devitems.com/uniqlo/checkout.html]
[demo.devitems.com/uniqlo/wishlist.html]
[demo.devitems.com/uniqlo/product-details.html]
[demo.devitems.com/uniqlo/team.html]
[demo.devitems.com/uniqlo/login-register.html]
[demo.devitems.com/uniqlo/images/sidebar-img/1.jpg]
[demo.devitems.com/uniqlo/images/sidebar-img/2.jpg]
[demo.devitems.com/uniqlo/contact.html]
[demo.devitems.com/uniqlo/images/sidebar-img/3.jpg]
[demo.devitems.com/uniqlo/images/sidebar-img/4.jpg]
[demo.devitems.com/uniqlo/images/sidebar-img/5.jpg]
[demo.devitems.com/uniqlo/images/sidebar-img/6.jpg]
[demo.devitems.com/uniqlo/images/sidebar-img/7.jpg]
[demo.devitems.com/uniqlo/images/sidebar-img/8.jpg]
[demo.devitems.com/uniqlo/images/product/sm-img/1.jpg]
[demo.devitems.com/uniqlo/images/product/sm-img/2.jpg]
[demo.devitems.com/uniqlo/images/slider/bg/1.png]
[demo.devitems.com/uniqlo/images/slider/bg/2.png]
[demo.devitems.com/uniqlo/images/product/1.png]
[demo.devitems.com/uniqlo/images/product/2.png]
[demo.devitems.com/uniqlo/images/product/3.png]
[demo.devitems.com/uniqlo/images/product/4.png]
[demo.devitems.com/uniqlo/images/product/5.png]
[demo.devitems.com/uniqlo/images/product/6.png]
[demo.devitems.com/uniqlo/images/product/7.png]
[demo.devitems.com/uniqlo/images/product/8.png]
[demo.devitems.com/uniqlo/images/product/9.png]
[demo.devitems.com/uniqlo/images/product/10.png]
[demo.devitems.com/uniqlo/images/product/11.png]
[demo.devitems.com/uniqlo/images/product/12.png]
[demo.devitems.com/uniqlo/images/product/13.png]
[demo.devitems.com/uniqlo/images/product/14.png]
[demo.devitems.com/uniqlo/images/product/15.png]
[demo.devitems.com/uniqlo/images/product/16.png]
[demo.devitems.com/uniqlo/images/bg/1.jpg]
[demo.devitems.com/uniqlo/images/product/big-img/1.jpg]
[demo.devitems.com/uniqlo/js/bootstrap.min.js]
[demo.devitems.com/uniqlo/js/slick.min.js]
[demo.devitems.com/uniqlo/js/vendor/jquery-1.12.0.min.js]
[demo.devitems.com/uniqlo/js/waypoints.min.js]
[demo.devitems.com/uniqlo/js/owl.carousel.min.js]
[demo.devitems.com/uniqlo/index.html]
[demo.devitems.com/uniqlo/apple-touch-icon.png]
[demo.devitems.com/uniqlo/js/main.js]
[demo.devitems.com/uniqlo/js/plugins.js]
[demo.devitems.com/uniqlo/css/bootstrap.min.css]
[demo.devitems.com/uniqlo/css/owl.carousel.min.css]
[demo.devitems.com/uniqlo/css/owl.theme.default.min.css]
[demo.devitems.com/uniqlo/css/themify-icons.css]
[demo.devitems.com/uniqlo/css/material-design-iconic-font.min.css]
[demo.devitems.com/uniqlo/css/plugins/animate.css]
[demo.devitems.com/uniqlo/css/plugins/animate-slider.css]
[demo.devitems.com/uniqlo/css/shortcode/default.css]
[demo.devitems.com/uniqlo/css/plugins/jquery-ui.css]
[demo.devitems.com/uniqlo/css/plugins/magnific-popup.css]
[demo.devitems.com/uniqlo/css/plugins/slick.css]
[demo.devitems.com/uniqlo/css/plugins/slick-theme.css]
[demo.devitems.com/uniqlo/css/core.css]
[demo.devitems.com/uniqlo/css/plugins/meanmenu.css]
[demo.devitems.com/uniqlo/css/shortcode/header.css]
[demo.devitems.com/uniqlo/css/shortcode/slider.css]
[demo.devitems.com/uniqlo/css/shortcode/shortcodes.css]
[demo.devitems.com/uniqlo/css/shortcode/footer.css]
[demo.devitems.com/uniqlo/images/icons/send-2.png]
[demo.devitems.com/uniqlo/images/icons/select-option.png]
[demo.devitems.com/uniqlo/style.css]
[demo.devitems.com/uniqlo/css/responsive.css]
[demo.devitems.com/uniqlo/css/custom.css]
[demo.devitems.com/uniqlo/images/logo/2.png]
[demo.devitems.com/uniqlo/images/slider/bg/2.jpg]
[demo.devitems.com/uniqlo/images/new-product/1.jpg]
[demo.devitems.com/uniqlo/images/new-product/2.jpg]
[demo.devitems.com/uniqlo/images/blog/blog-img/1.jpg]
[demo.devitems.com/uniqlo/images/blog/blog-img/2.jpg]
[demo.devitems.com/uniqlo/images/blog/blog-img/3.jpg]
[demo.devitems.com/uniqlo/index-2.html]
[demo.devitems.com/uniqlo/images/feature-img/1.jpg]
[demo.devitems.com/uniqlo/images/feature-img/2.jpg]
[demo.devitems.com/uniqlo/images/feature-img/3.jpg]
[demo.devitems.com/uniqlo/images/feature-img/4.jpg]
[demo.devitems.com/uniqlo/images/popular-pro/1.jpg]
[demo.devitems.com/uniqlo/images/popular-pro/2.jpg]
[demo.devitems.com/uniqlo/images/popular-pro/3.jpg]
[demo.devitems.com/uniqlo/index-3.html]
[demo.devitems.com/uniqlo/images/slider/bg/3.jpg]
[demo.devitems.com/uniqlo/images/popular-pro-2/1.jpg]
[demo.devitems.com/uniqlo/images/popular-pro-2/2.jpg]
[demo.devitems.com/uniqlo/images/popular-pro-2/3.jpg]
[demo.devitems.com/uniqlo/images/popular-pro-2/4.jpg]
[demo.devitems.com/uniqlo/images/popular-pro-2/6.jpg]
[demo.devitems.com/uniqlo/images/popular-pro-2/7.jpg]
[demo.devitems.com/uniqlo/images/popular-pro-2/8.jpg]
[demo.devitems.com/uniqlo/images/popular-pro-2/9.jpg]
[demo.devitems.com/uniqlo/images/popular-pro-2/10.jpg]
[demo.devitems.com/uniqlo/images/popular-pro-2/5.jpg]
[demo.devitems.com/uniqlo/index-4.html]
[demo.devitems.com/uniqlo/images/slider/bg/4.jpg]
[demo.devitems.com/uniqlo/images/portfolio/width-variation/1.jpg]
[demo.devitems.com/uniqlo/images/portfolio/width-variation/2.jpg]
[demo.devitems.com/uniqlo/images/portfolio/width-variation/3.jpg]
[demo.devitems.com/uniqlo/images/portfolio/width-variation/4.jpg]
[demo.devitems.com/uniqlo/images/portfolio/width-variation/5.jpg]
[demo.devitems.com/uniqlo/images/portfolio/width-variation/6.jpg]
[demo.devitems.com/uniqlo/images/portfolio/width-variation/7.jpg]
[demo.devitems.com/uniqlo/images/portfolio/width-variation/8.jpg]
[demo.devitems.com/uniqlo/images/portfolio/width-variation/9.jpg]
[demo.devitems.com/uniqlo/images/portfolio/width-variation/10.jpg]
[demo.devitems.com/uniqlo/images/portfolio/width-variation/11.jpg]
[demo.devitems.com/uniqlo/images/portfolio/width-variation/12.jpg]
[demo.devitems.com/uniqlo/index-5.html]
[demo.devitems.com/uniqlo/images/portfolio/width-variation-2/1.jpg]
[demo.devitems.com/uniqlo/images/portfolio/width-variation-2/2.jpg]
[demo.devitems.com/uniqlo/images/portfolio/width-variation-2/3.jpg]
[demo.devitems.com/uniqlo/images/portfolio/width-variation-2/4.jpg]
[demo.devitems.com/uniqlo/images/portfolio/width-variation-2/9.jpg]
[demo.devitems.com/uniqlo/images/portfolio/width-variation-2/5.jpg]
[demo.devitems.com/uniqlo/images/portfolio/width-variation-2/6.jpg]
[demo.devitems.com/uniqlo/images/portfolio/width-variation-2/7.jpg]
[demo.devitems.com/uniqlo/images/portfolio/width-variation-2/8.jpg]
[demo.devitems.com/uniqlo/images/bg/3.jpg]
[demo.devitems.com/uniqlo/index-6.html]
[demo.devitems.com/uniqlo/images/logo/uniqlo-large.png]
[demo.devitems.com/uniqlo/images/slider/fornt-img/man-style.png]
[demo.devitems.com/uniqlo/images/product-3/1.png]
[demo.devitems.com/uniqlo/images/product-3/2.png]
[demo.devitems.com/uniqlo/images/product-3/3.png]
[demo.devitems.com/uniqlo/images/product-3/4.png]
[demo.devitems.com/uniqlo/images/product-3/5.png]
[demo.devitems.com/uniqlo/images/product-3/6.png]
[demo.devitems.com/uniqlo/images/product-3/7.png]
[demo.devitems.com/uniqlo/images/blog/blog-img/4.jpg]
[demo.devitems.com/uniqlo/images/blog/blog-img/5.jpg]
[demo.devitems.com/uniqlo/images/blog/blog-img/6.jpg]
[demo.devitems.com/uniqlo/index-7.html]
[demo.devitems.com/uniqlo/images/slider/bg/5.jpg]
[demo.devitems.com/uniqlo/images/new-product/3.jpg]
[demo.devitems.com/uniqlo/images/new-product/4.jpg]
[demo.devitems.com/uniqlo/images/product/17.png]
[demo.devitems.com/uniqlo/images/product/18.png]
[demo.devitems.com/uniqlo/images/product/19.png]
[demo.devitems.com/uniqlo/images/product/20.png]
[demo.devitems.com/uniqlo/images/product/21.png]
[demo.devitems.com/uniqlo/images/product/22.png]
[demo.devitems.com/uniqlo/images/product/23.png]
[demo.devitems.com/uniqlo/images/product/24.png]
[demo.devitems.com/uniqlo/images/product/25.png]
[demo.devitems.com/uniqlo/images/product/26.png]
[demo.devitems.com/uniqlo/images/product/27.png]
[demo.devitems.com/uniqlo/images/product/28.png]
[demo.devitems.com/uniqlo/images/product/29.png]
[demo.devitems.com/uniqlo/images/product/30.png]
[demo.devitems.com/uniqlo/images/product/31.png]
[demo.devitems.com/uniqlo/images/product/32.png]
[demo.devitems.com/uniqlo/index-8.html]
[demo.devitems.com/uniqlo/images/slider/bg/6.jpg]
[demo.devitems.com/uniqlo/images/new-product/7.jpg]
[demo.devitems.com/uniqlo/images/new-product/6.jpg]
[demo.devitems.com/uniqlo/images/popular-pro-2/11.jpg]
[demo.devitems.com/uniqlo/images/popular-pro-2/12.jpg]
[demo.devitems.com/uniqlo/images/popular-pro-2/13.jpg]
[demo.devitems.com/uniqlo/images/popular-pro-2/14.jpg]
[demo.devitems.com/uniqlo/images/popular-pro-2/15.jpg]
[demo.devitems.com/uniqlo/images/popular-pro-2/16.jpg]
[demo.devitems.com/uniqlo/images/popular-pro-2/17.jpg]
[demo.devitems.com/uniqlo/images/popular-pro-2/18.jpg]
[demo.devitems.com/uniqlo/images/popular-pro-2/19.jpg]
[demo.devitems.com/uniqlo/images/popular-pro-2/20.jpg]
[demo.devitems.com/uniqlo/index-9.html]
[demo.devitems.com/uniqlo/images/slider/bg/7.jpg]
[demo.devitems.com/uniqlo/images/new-product/8.jpg]
[demo.devitems.com/uniqlo/images/new-product/9.jpg]
[demo.devitems.com/uniqlo/images/product/33.png]
[demo.devitems.com/uniqlo/images/product/34.png]
[demo.devitems.com/uniqlo/images/product/35.png]
[demo.devitems.com/uniqlo/images/product/36.png]
[demo.devitems.com/uniqlo/images/product/37.png]
[demo.devitems.com/uniqlo/images/product/38.png]
[demo.devitems.com/uniqlo/images/product/39.png]
[demo.devitems.com/uniqlo/images/product/40.png]
[demo.devitems.com/uniqlo/images/product/41.png]
[demo.devitems.com/uniqlo/images/product/42.png]
[demo.devitems.com/uniqlo/images/product/43.png]
[demo.devitems.com/uniqlo/index-10.html]
[demo.devitems.com/uniqlo/images/bg/2.jpg]
[demo.devitems.com/uniqlo/images/team/1.jpg]
[demo.devitems.com/uniqlo/images/team/2.jpg]
[demo.devitems.com/uniqlo/images/team/4.jpg]
[demo.devitems.com/uniqlo/images/bg/4.jpg]
[demo.devitems.com/uniqlo/images/test/client/1.png]
[demo.devitems.com/uniqlo/images/test/client/2.png]
[demo.devitems.com/uniqlo/images/test/client/3.png]
[demo.devitems.com/uniqlo/images/brand/1.png]
[demo.devitems.com/uniqlo/images/brand/2.png]
[demo.devitems.com/uniqlo/images/brand/3.png]
[demo.devitems.com/uniqlo/images/brand/4.png]
[demo.devitems.com/uniqlo/images/brand/5.png]
[demo.devitems.com/uniqlo/about.html]
[demo.devitems.com/uniqlo/blog.html]
[demo.devitems.com/uniqlo/images/blog/big-images/1.jpg]
[demo.devitems.com/uniqlo/images/comment/1.jpg]
[demo.devitems.com/uniqlo/images/comment/2.jpg]
[demo.devitems.com/uniqlo/images/comment/3.jpg]
[demo.devitems.com/uniqlo/images/blog/sm-img/1.jpg]
[demo.devitems.com/uniqlo/images/blog/sm-img/2.jpg]
[demo.devitems.com/uniqlo/images/blog/sm-img/3.jpg]
[demo.devitems.com/uniqlo/blog-details.html]
[demo.devitems.com/uniqlo/shop.html]
[demo.devitems.com/uniqlo/shop-sidebar.html]
[demo.devitems.com/uniqlo/cart.html]
[demo.devitems.com/uniqlo/images/payment/1.jpg]
[demo.devitems.com/uniqlo/images/payment/2.jpg]
[demo.devitems.com/uniqlo/images/payment/3.jpg]
[demo.devitems.com/uniqlo/images/payment/4.jpg]
[demo.devitems.com/uniqlo/images/payment/5.jpg]
[demo.devitems.com/uniqlo/checkout.html]
[demo.devitems.com/uniqlo/wishlist.html]
[demo.devitems.com/uniqlo/images/product-details/small-img/1.jpg]
[demo.devitems.com/uniqlo/images/product-details/small-img/2.jpg]
[demo.devitems.com/uniqlo/images/product-details/small-img/3.jpg]
[demo.devitems.com/uniqlo/images/product-details/small-img/4.jpg]
[demo.devitems.com/uniqlo/images/product-details/big-img/1.jpg]
[demo.devitems.com/uniqlo/images/review/1.jpg]
[demo.devitems.com/uniqlo/images/review/2.jpg]
[demo.devitems.com/uniqlo/product-details.html]
[demo.devitems.com/uniqlo/team.html]
[demo.devitems.com/uniqlo/images/bg/5.jpg]
[demo.devitems.com/uniqlo/login-register.html]
[demo.devitems.com/uniqlo/contact.html]
[demo.devitems.com/uniqlo/fonts/glyphicons-halflings-regular.eot]
[demo.devitems.com/uniqlo/fonts/glyphicons-halflings-regulard41d.eot]
[demo.devitems.com/uniqlo/fonts/glyphicons-halflings-regular.woff2]
[demo.devitems.com/uniqlo/fonts/glyphicons-halflings-regular.woff]
[demo.devitems.com/uniqlo/fonts/glyphicons-halflings-regular.ttf]
[demo.devitems.com/uniqlo/fonts/glyphicons-halflings-regular.svg]
[demo.devitems.com/uniqlo/css/owl.video.play.png]
[demo.devitems.com/uniqlo/fonts/themify9f24.eot]
[demo.devitems.com/uniqlo/fonts/themifyd41d.eot]
[demo.devitems.com/uniqlo/fonts/themify9f24.woff]
[demo.devitems.com/uniqlo/fonts/themify9f24.svg]
[demo.devitems.com/uniqlo/css/themify-icons.css]
[demo.devitems.com/uniqlo/fonts/Material-Design-Iconic-Fontd1f1.woff2]
[demo.devitems.com/uniqlo/fonts/themify9f24.ttf]
[demo.devitems.com/uniqlo/fonts/Material-Design-Iconic-Fontd1f1.woff]
[demo.devitems.com/uniqlo/css/material-design-iconic-font.min.css]
[demo.devitems.com/uniqlo/css/plugins/animate.css]
[demo.devitems.com/uniqlo/css/plugins/animate-slider.css]
[demo.devitems.com/uniqlo/images/others/1.jpg]
[demo.devitems.com/uniqlo/images/bg/6.jpg]
[demo.devitems.com/uniqlo/fonts/Material-Design-Iconic-Fontd1f1.ttf]
[demo.devitems.com/uniqlo/css/shortcode/default.css]
[demo.devitems.com/uniqlo/css/plugins/images/ui-icons_444444_256x240.png]
[demo.devitems.com/uniqlo/css/plugins/images/ui-icons_555555_256x240.png]
[demo.devitems.com/uniqlo/css/plugins/images/ui-icons_ffffff_256x240.png]
[demo.devitems.com/uniqlo/css/plugins/images/ui-icons_777620_256x240.png]
[demo.devitems.com/uniqlo/css/plugins/images/ui-icons_cc0000_256x240.png]
[demo.devitems.com/uniqlo/css/plugins/images/ui-icons_777777_256x240.png]
[demo.devitems.com/uniqlo/css/plugins/jquery-ui.css]
[demo.devitems.com/uniqlo/css/plugins/magnific-popup.css]
[demo.devitems.com/uniqlo/css/plugins/slick.css]
[demo.devitems.com/uniqlo/css/plugins/ajax-loader.gif]
[demo.devitems.com/uniqlo/css/plugins/fonts/slick.eot]
[demo.devitems.com/uniqlo/css/plugins/fonts/slickd41d.eot]
[demo.devitems.com/uniqlo/css/plugins/fonts/slick.woff]
[demo.devitems.com/uniqlo/css/plugins/fonts/slick.ttf]
[demo.devitems.com/uniqlo/css/plugins/fonts/slick.svg]
[demo.devitems.com/uniqlo/css/plugins/slick-theme.css]
[demo.devitems.com/uniqlo/css/plugins/meanmenu.css]
[demo.devitems.com/uniqlo/images/icons/close-20.png]
[demo.devitems.com/uniqlo/css/shortcode/header.css]
[demo.devitems.com/uniqlo/css/shortcode/slider.css]
[demo.devitems.com/uniqlo/images/icons/send.png]
[demo.devitems.com/uniqlo/css/shortcode/footer.css]
[demo.devitems.com/images/slider/bg/1.png]
